******************************************************************************
             TMS320C2000 Linker PC v22.6.0                     
******************************************************************************
>> Linked Sat Jul 13 15:09:30 2024

OUTPUT FILE NAME:   <../controller_base.out>
ENTRY POINT SYMBOL: "_c_int00"  address: 003d86ab


MEMORY CONFIGURATION

         name            origin    length      used     unused   attr    fill
----------------------  --------  ---------  --------  --------  ----  --------
PAGE 0:
  BEGINRAM              00000000   00000002  00000000  00000002  RWIX
  PRAM                  00008000   00006000  0000001f  00005fe1  RWIX
  OTP                   003d7800   000003fa  00000000  000003fa  RWIX
  FLASH                 003d8000   0001fff0  00000b3e  0001f4b2  RWIX
  BEGINFLASH            003f7ff6   00000002  00000002  00000000  RWIX
  CSM_PWL               003f7ff8   00000008  00000000  00000008  RWIX
  FPUTABLES             003fd590   000006a0  000006a0  00000000  RWIX
  IQTABLES              003fdc30   00000b50  00000000  00000b50  RWIX
  IQTABLES2             003fe780   0000008c  00000000  0000008c  RWIX
  IQTABLES3             003fe80c   000000aa  00000000  000000aa  RWIX
  BOOTROM               003ff3b0   00000c10  00000000  00000c10  RWIX
  RESET                 003fffc0   00000002  00000000  00000002  RWIX
  VECTORS               003fffc2   0000003e  00000000  0000003e  RWIX

PAGE 1:
  RAMM0M1               00000002   000007fe  00000400  000003fe  RWIX
  DEV_EMU               00000880   00000105  00000004  00000101  RWIX
  SYS_PWR_CTL           00000985   00000003  00000003  00000000  RWIX
  FLASH_REGS            00000a80   00000060  00000008  00000058  RWIX
  CSM                   00000ae0   00000020  00000010  00000010  RWIX
  ADC_RESULT            00000b00   00000020  00000010  00000010  RWIX
  CPU_TIMER0            00000c00   00000008  00000008  00000000  RWIX
  CPU_TIMER1            00000c08   00000008  00000008  00000000  RWIX
  CPU_TIMER2            00000c10   00000008  00000008  00000000  RWIX
  PIE_CTRL              00000ce0   00000020  0000001a  00000006  RWIX
  PIE_VECT              00000d00   00000100  00000100  00000000  RWIX
  DMA                   00001000   00000200  000000e0  00000120  RWIX
  CLA1                  00001400   00000080  00000040  00000040  RWIX
  USB0                  00004000   00001000  00000454  00000bac  RWIX
  McBSPA                00005000   00000040  00000024  0000001c  RWIX
  ECANA                 00006000   00000040  00000034  0000000c  RWIX
  ECANA_LAM             00006040   00000040  00000040  00000000  RWIX
  ECANA_MOTS            00006080   00000040  00000040  00000000  RWIX
  ECANA_MOTO            000060c0   00000040  00000040  00000000  RWIX
  ECANA_MBOX            00006100   00000100  00000100  00000000  RWIX
  COMP1                 00006400   00000020  00000014  0000000c  RWIX
  COMP2                 00006420   00000020  00000014  0000000c  RWIX
  COMP3                 00006440   00000020  00000014  0000000c  RWIX
  EPWM1                 00006800   00000040  00000040  00000000  RWIX
  EPWM2                 00006840   00000040  00000040  00000000  RWIX
  EPWM3                 00006880   00000040  00000040  00000000  RWIX
  EPWM4                 000068c0   00000040  00000040  00000000  RWIX
  EPWM5                 00006900   00000040  00000040  00000000  RWIX
  EPWM6                 00006940   00000040  00000040  00000000  RWIX
  EPWM7                 00006980   00000040  00000040  00000000  RWIX
  EPWM8                 000069c0   00000040  00000040  00000000  RWIX
  ECAP1                 00006a00   00000020  00000020  00000000  RWIX
  ECAP2                 00006a20   00000020  00000020  00000000  RWIX
  ECAP3                 00006a40   00000020  00000020  00000000  RWIX
  HRCAP1                00006ac0   00000020  00000020  00000000  RWIX
  HRCAP2                00006ae0   00000020  00000020  00000000  RWIX
  EQEP1                 00006b00   00000040  00000022  0000001e  RWIX
  EQEP2                 00006b40   00000040  00000022  0000001e  RWIX
  HRCAP3                00006c80   00000020  00000020  00000000  RWIX
  HRCAP4                00006ca0   00000020  00000020  00000000  RWIX
  GPIOCTRL              00006f80   00000040  00000040  00000000  RWIX
  GPIODAT               00006fc0   00000020  00000020  00000000  RWIX
  GPIOINT               00006fe0   00000020  00000020  00000000  RWIX
  SYSTEM                00007010   00000030  00000030  00000000  RWIX
  SPIA                  00007040   00000010  00000010  00000000  RWIX
  SCIA                  00007050   00000010  00000010  00000000  RWIX
  NMIINTRUPT            00007060   00000010  00000010  00000000  RWIX
  XINTRUPT              00007070   00000010  00000010  00000000  RWIX
  ADC                   00007100   00000080  00000050  00000030  RWIX
  SPIB                  00007740   00000010  00000010  00000000  RWIX
  SCIB                  00007750   00000010  00000010  00000000  RWIX
  I2CA                  00007900   00000040  00000022  0000001e  RWIX
  DRAM                  0000e000   00006000  00000038  00005fc8  RWIX
  PARTID                003d7e80   00000001  00000001  00000000  RWIX
  CSM_PWL               003f7ff8   00000008  00000008  00000000  RWIX


SECTION ALLOCATION MAP

 output                                  attributes/
section   page    origin      length       input sections
--------  ----  ----------  ----------   ----------------
DevEmuRegsFile 
*          1    00000880    00000004     UNINITIALIZED
                  00000880    00000004     F2806x_GlobalVariableDefs.obj (DevEmuRegsFile)

SysPwrCtrlRegsFile 
*          1    00000985    00000003     UNINITIALIZED
                  00000985    00000003     F2806x_GlobalVariableDefs.obj (SysPwrCtrlRegsFile)

FlashRegsFile 
*          1    00000a80    00000008     UNINITIALIZED
                  00000a80    00000008     F2806x_GlobalVariableDefs.obj (FlashRegsFile)

CsmRegsFile 
*          1    00000ae0    00000010     UNINITIALIZED
                  00000ae0    00000010     F2806x_GlobalVariableDefs.obj (CsmRegsFile)

AdcResultFile 
*          1    00000b00    00000010     UNINITIALIZED
                  00000b00    00000010     F2806x_GlobalVariableDefs.obj (AdcResultFile)

CpuTimer0RegsFile 
*          1    00000c00    00000008     UNINITIALIZED
                  00000c00    00000008     F2806x_GlobalVariableDefs.obj (CpuTimer0RegsFile)

CpuTimer1RegsFile 
*          1    00000c08    00000008     UNINITIALIZED
                  00000c08    00000008     F2806x_GlobalVariableDefs.obj (CpuTimer1RegsFile)

CpuTimer2RegsFile 
*          1    00000c10    00000008     UNINITIALIZED
                  00000c10    00000008     F2806x_GlobalVariableDefs.obj (CpuTimer2RegsFile)

PieCtrlRegsFile 
*          1    00000ce0    0000001a     UNINITIALIZED
                  00000ce0    0000001a     F2806x_GlobalVariableDefs.obj (PieCtrlRegsFile)

PieVectTableFile 
*          1    00000d00    00000100     UNINITIALIZED
                  00000d00    00000100     F2806x_GlobalVariableDefs.obj (PieVectTableFile)

EmuKeyVar 
*          1    00000d00    00000001     UNINITIALIZED
                  00000d00    00000001     F2806x_GlobalVariableDefs.obj (EmuKeyVar)

EmuBModeVar 
*          1    00000d01    00000001     UNINITIALIZED
                  00000d01    00000001     F2806x_GlobalVariableDefs.obj (EmuBModeVar)

FlashCallbackVar 
*          1    00000d02    00000002     UNINITIALIZED
                  00000d02    00000002     F2806x_GlobalVariableDefs.obj (FlashCallbackVar)

FlashScalingVar 
*          1    00000d04    00000002     UNINITIALIZED
                  00000d04    00000002     F2806x_GlobalVariableDefs.obj (FlashScalingVar)

DmaRegsFile 
*          1    00001000    000000e0     UNINITIALIZED
                  00001000    000000e0     F2806x_GlobalVariableDefs.obj (DmaRegsFile)

Cla1RegsFile 
*          1    00001400    00000040     UNINITIALIZED
                  00001400    00000040     F2806x_GlobalVariableDefs.obj (Cla1RegsFile)

Usb0RegsFile 
*          1    00004000    00000454     UNINITIALIZED
                  00004000    00000454     F2806x_GlobalVariableDefs.obj (Usb0RegsFile)

McbspaRegsFile 
*          1    00005000    00000024     UNINITIALIZED
                  00005000    00000024     F2806x_GlobalVariableDefs.obj (McbspaRegsFile)

ECanaRegsFile 
*          1    00006000    00000034     UNINITIALIZED
                  00006000    00000034     F2806x_GlobalVariableDefs.obj (ECanaRegsFile)

ECanaLAMRegsFile 
*          1    00006040    00000040     UNINITIALIZED
                  00006040    00000040     F2806x_GlobalVariableDefs.obj (ECanaLAMRegsFile)

ECanaMOTSRegsFile 
*          1    00006080    00000040     UNINITIALIZED
                  00006080    00000040     F2806x_GlobalVariableDefs.obj (ECanaMOTSRegsFile)

ECanaMOTORegsFile 
*          1    000060c0    00000040     UNINITIALIZED
                  000060c0    00000040     F2806x_GlobalVariableDefs.obj (ECanaMOTORegsFile)

ECanaMboxesFile 
*          1    00006100    00000100     UNINITIALIZED
                  00006100    00000100     F2806x_GlobalVariableDefs.obj (ECanaMboxesFile)

Comp1RegsFile 
*          1    00006400    00000014     UNINITIALIZED
                  00006400    00000014     F2806x_GlobalVariableDefs.obj (Comp1RegsFile)

Comp2RegsFile 
*          1    00006420    00000014     UNINITIALIZED
                  00006420    00000014     F2806x_GlobalVariableDefs.obj (Comp2RegsFile)

Comp3RegsFile 
*          1    00006440    00000014     UNINITIALIZED
                  00006440    00000014     F2806x_GlobalVariableDefs.obj (Comp3RegsFile)

EPwm1RegsFile 
*          1    00006800    00000040     UNINITIALIZED
                  00006800    00000040     F2806x_GlobalVariableDefs.obj (EPwm1RegsFile)

EPwm2RegsFile 
*          1    00006840    00000040     UNINITIALIZED
                  00006840    00000040     F2806x_GlobalVariableDefs.obj (EPwm2RegsFile)

EPwm3RegsFile 
*          1    00006880    00000040     UNINITIALIZED
                  00006880    00000040     F2806x_GlobalVariableDefs.obj (EPwm3RegsFile)

EPwm4RegsFile 
*          1    000068c0    00000040     UNINITIALIZED
                  000068c0    00000040     F2806x_GlobalVariableDefs.obj (EPwm4RegsFile)

EPwm5RegsFile 
*          1    00006900    00000040     UNINITIALIZED
                  00006900    00000040     F2806x_GlobalVariableDefs.obj (EPwm5RegsFile)

EPwm6RegsFile 
*          1    00006940    00000040     UNINITIALIZED
                  00006940    00000040     F2806x_GlobalVariableDefs.obj (EPwm6RegsFile)

EPwm7RegsFile 
*          1    00006980    00000040     UNINITIALIZED
                  00006980    00000040     F2806x_GlobalVariableDefs.obj (EPwm7RegsFile)

EPwm8RegsFile 
*          1    000069c0    00000040     UNINITIALIZED
                  000069c0    00000040     F2806x_GlobalVariableDefs.obj (EPwm8RegsFile)

ECap1RegsFile 
*          1    00006a00    00000020     UNINITIALIZED
                  00006a00    00000020     F2806x_GlobalVariableDefs.obj (ECap1RegsFile)

ECap2RegsFile 
*          1    00006a20    00000020     UNINITIALIZED
                  00006a20    00000020     F2806x_GlobalVariableDefs.obj (ECap2RegsFile)

ECap3RegsFile 
*          1    00006a40    00000020     UNINITIALIZED
                  00006a40    00000020     F2806x_GlobalVariableDefs.obj (ECap3RegsFile)

HRCap1RegsFile 
*          1    00006ac0    00000020     UNINITIALIZED
                  00006ac0    00000020     F2806x_GlobalVariableDefs.obj (HRCap1RegsFile)

HRCap2RegsFile 
*          1    00006ae0    00000020     UNINITIALIZED
                  00006ae0    00000020     F2806x_GlobalVariableDefs.obj (HRCap2RegsFile)

EQep1RegsFile 
*          1    00006b00    00000022     UNINITIALIZED
                  00006b00    00000022     F2806x_GlobalVariableDefs.obj (EQep1RegsFile)

EQep2RegsFile 
*          1    00006b40    00000022     UNINITIALIZED
                  00006b40    00000022     F2806x_GlobalVariableDefs.obj (EQep2RegsFile)

HRCap3RegsFile 
*          1    00006c80    00000020     UNINITIALIZED
                  00006c80    00000020     F2806x_GlobalVariableDefs.obj (HRCap3RegsFile)

HRCap4RegsFile 
*          1    00006ca0    00000020     UNINITIALIZED
                  00006ca0    00000020     F2806x_GlobalVariableDefs.obj (HRCap4RegsFile)

GpioCtrlRegsFile 
*          1    00006f80    00000040     UNINITIALIZED
                  00006f80    00000040     F2806x_GlobalVariableDefs.obj (GpioCtrlRegsFile)

GpioDataRegsFile 
*          1    00006fc0    00000020     UNINITIALIZED
                  00006fc0    00000020     F2806x_GlobalVariableDefs.obj (GpioDataRegsFile)

GpioIntRegsFile 
*          1    00006fe0    00000020     UNINITIALIZED
                  00006fe0    00000020     F2806x_GlobalVariableDefs.obj (GpioIntRegsFile)

SysCtrlRegsFile 
*          1    00007010    00000030     UNINITIALIZED
                  00007010    00000030     F2806x_GlobalVariableDefs.obj (SysCtrlRegsFile)

SpiaRegsFile 
*          1    00007040    00000010     UNINITIALIZED
                  00007040    00000010     F2806x_GlobalVariableDefs.obj (SpiaRegsFile)

SciaRegsFile 
*          1    00007050    00000010     UNINITIALIZED
                  00007050    00000010     F2806x_GlobalVariableDefs.obj (SciaRegsFile)

NmiIntruptRegsFile 
*          1    00007060    00000010     UNINITIALIZED
                  00007060    00000010     F2806x_GlobalVariableDefs.obj (NmiIntruptRegsFile)

XIntruptRegsFile 
*          1    00007070    00000010     UNINITIALIZED
                  00007070    00000010     F2806x_GlobalVariableDefs.obj (XIntruptRegsFile)

AdcRegsFile 
*          1    00007100    00000050     UNINITIALIZED
                  00007100    00000050     F2806x_GlobalVariableDefs.obj (AdcRegsFile)

SpibRegsFile 
*          1    00007740    00000010     UNINITIALIZED
                  00007740    00000010     F2806x_GlobalVariableDefs.obj (SpibRegsFile)

ScibRegsFile 
*          1    00007750    00000010     UNINITIALIZED
                  00007750    00000010     F2806x_GlobalVariableDefs.obj (ScibRegsFile)

I2caRegsFile 
*          1    00007900    00000022     UNINITIALIZED
                  00007900    00000022     F2806x_GlobalVariableDefs.obj (I2caRegsFile)

PartIdRegsFile 
*          1    003d7e80    00000001     UNINITIALIZED
                  003d7e80    00000001     F2806x_GlobalVariableDefs.obj (PartIdRegsFile)

CsmPwlFile 
*          1    003f7ff8    00000008     UNINITIALIZED
                  003f7ff8    00000008     F2806x_GlobalVariableDefs.obj (CsmPwlFile)

.text      0    003d801f    000009f3     
                  003d801f    0000039b     F2806x_DefaultIsr.obj (.text:retain)
                  003d83ba    0000018a     F2806x_SysCtrl.obj (.text)
                  003d8544    00000092     controller_base.obj (.text)
                  003d85d6    00000076     F2806x_CpuTimers.obj (.text)
                  003d864c    0000005f     ert_main.obj (.text)
                  003d86ab    00000056     rts2800_fpu32.lib : boot28.asm.obj (.text)
                  003d8701    0000004f     rts2800_fpu32_fast_supplement.lib : atan2_f32.obj (.text)
                  003d8750    0000004e     c2806xSchedulerTimer0.obj (.text)
                  003d879e    0000004a     rts2800_fpu32_fast_supplement.lib : atan_f32.obj (.text)
                  003d87e8    00000044     c2806xSchedulerTimer0.obj (.text:retain)
                  003d882c    00000035     MW_c28xx_board.obj (.text)
                  003d8861    00000034     c2806xBoard_Realtime_Support.obj (.text)
                  003d8895    00000034     rts2800_fpu32_fast_supplement.lib : cos_f32.obj (.text)
                  003d88c9    00000034                                       : sin_f32.obj (.text)
                  003d88fd    00000029     rts2800_fpu32.lib : exit.c.obj (.text)
                  003d8926    00000028     F2806x_PieCtrl.obj (.text)
                  003d894e    00000026     F2806x_PieVect.obj (.text)
                  003d8974    00000024     rts2800_fpu32.lib : cpy_tbl.c.obj (.text)
                  003d8998    00000021     rts2800_fpu32_fast_supplement.lib : sqrt_f32.obj (.text)
                  003d89b9    0000001d     rts2800_fpu32.lib : memcpy.c.obj (.text)
                  003d89d6    00000014     MW_c28xGlobalInterrupts.obj (.text)
                  003d89ea    00000012     rts2800_fpu32.lib : args_main.c.obj (.text)
                  003d89fc    00000009                       : _lock.c.obj (.text)
                  003d8a05    00000008     F2806x_CodeStartBranch.obj (.text)
                  003d8a0d    00000002     blapp_support.obj (.text)
                  003d8a0f    00000002     rts2800_fpu32.lib : pre_init.c.obj (.text)
                  003d8a11    00000001                       : startup.c.obj (.text)

.bss       1    0000e000    00000000     UNINITIALIZED

.ebss      1    0000e000    00000038     UNINITIALIZED
                  0000e000    00000018     F2806x_CpuTimers.obj (.ebss)
                  0000e018    00000010     controller_base.obj (.ebss)
                  0000e028    00000006     rts2800_fpu32.lib : exit.c.obj (.ebss)
                  0000e02e    00000004     ert_main.obj (.ebss)
                  0000e032    00000002     rts2800_fpu32.lib : _lock.c.obj (.ebss:__lock)
                  0000e034    00000002                       : _lock.c.obj (.ebss:__unlock)
                  0000e036    00000001     MW_c28xGPIO.obj (.ebss)
                  0000e037    00000001     MW_c28xGlobalInterrupts.obj (.ebss)

.cinit     0    003d8b14    0000002a     
                  003d8b14    0000000e     rts2800_fpu32.lib : exit.c.obj (.cinit)
                  003d8b22    00000008     ert_main.obj (.cinit)
                  003d8b2a    00000005     rts2800_fpu32.lib : _lock.c.obj (.cinit:__lock)
                  003d8b2f    00000005                       : _lock.c.obj (.cinit:__unlock)
                  003d8b34    00000004     MW_c28xGPIO.obj (.cinit)
                  003d8b38    00000004     MW_c28xGlobalInterrupts.obj (.cinit)
                  003d8b3c    00000002     --HOLE-- [fill = 0]

.pinit     0    003d8000    00000000     UNINITIALIZED

.econst    0    003d8a12    00000102     
                  003d8a12    00000100     F2806x_PieVect.obj (.econst:_PieVectTableInit)
                  003d8b12    00000002     controller_base.obj (.econst)

.reset     0    003fffc0    00000002     DSECT
                  003fffc0    00000002     rts2800_fpu32.lib : boot28.asm.obj (.reset)

.data      1    0000e000    00000000     UNINITIALIZED

.stack     1    00000002    00000400     UNINITIALIZED
                  00000002    00000400     --HOLE--

codestart 
*          0    003f7ff6    00000002     
                  003f7ff6    00000002     F2806x_CodeStartBranch.obj (codestart)

ramfuncs   0    003d8000    0000001f     RUN ADDR = 00008000
                  003d8000    0000001b     F2806x_SysCtrl.obj (ramfuncs)
                  003d801b    00000004     F2806x_usDelay.obj (ramfuncs)

FPUmathTables 
*          0    003fd590    000006a0     NOLOAD SECTION
                  003fd590    000006a0     rts2800_fpu32_fast_supplement.lib : FPUmathTables.obj (FPUmathTables)

MODULE SUMMARY

       Module                             code   initialized data   uninitialized data
       ------                             ----   ----------------   ------------------
    <current directory>
       F2806x_GlobalVariableDefs.obj      0      0                  3550              
       F2806x_DefaultIsr.obj              923    0                  0                 
       F2806x_SysCtrl.obj                 448    0                  0                 
       F2806x_PieVect.obj                 38     256                0                 
       controller_base.obj                146    2                  16                
       c2806xSchedulerTimer0.obj          146    0                  0                 
       F2806x_CpuTimers.obj               118    0                  24                
       ert_main.obj                       95     8                  4                 
       MW_c28xx_board.obj                 53     0                  0                 
       c2806xBoard_Realtime_Support.obj   52     0                  0                 
       F2806x_PieCtrl.obj                 40     0                  0                 
       MW_c28xGlobalInterrupts.obj        20     4                  1                 
       F2806x_CodeStartBranch.obj         10     0                  0                 
       F2806x_usDelay.obj                 8      0                  0                 
       MW_c28xGPIO.obj                    0      4                  1                 
       blapp_support.obj                  2      0                  0                 
    +--+----------------------------------+------+------------------+--------------------+
       Total:                             2099   274                3596              
                                                                                      
    C:/ProgramData/MATLAB/tic2000/3P.instrset/tic28xcodegentools.instrset/ti-cgt-c2000_22.6.0.LTS/lib/rts2800_fpu32.lib
       boot28.asm.obj                     86     0                  0                 
       exit.c.obj                         41     14                 6                 
       cpy_tbl.c.obj                      36     0                  0                 
       memcpy.c.obj                       29     0                  0                 
       _lock.c.obj                        9      10                 4                 
       args_main.c.obj                    18     0                  0                 
       pre_init.c.obj                     2      0                  0                 
       startup.c.obj                      1      0                  0                 
    +--+----------------------------------+------+------------------+--------------------+
       Total:                             222    24                 10                
                                                                                      
    C:/ti/controlSUITE/libs/math/FPUfastRTS/V100/lib/rts2800_fpu32_fast_supplement.lib
       FPUmathTables.obj                  0      1696               0                 
       atan2_f32.obj                      79     0                  0                 
       atan_f32.obj                       74     0                  0                 
       cos_f32.obj                        52     0                  0                 
       sin_f32.obj                        52     0                  0                 
       sqrt_f32.obj                       33     0                  0                 
    +--+----------------------------------+------+------------------+--------------------+
       Total:                             290    1696               0                 
                                                                                      
       Stack:                             0      0                  1024              
    +--+----------------------------------+------+------------------+--------------------+
       Grand Total:                       2611   1994               4630              


GLOBAL DATA SYMBOLS: SORTED BY DATA PAGE

address     data page           name
--------    ----------------    ----
00000002       0 (00000000)     __stack

00000880      22 (00000880)     _DevEmuRegs

00000985      26 (00000980)     _SysPwrCtrlRegs

00000a80      2a (00000a80)     _FlashRegs

00000ae0      2b (00000ac0)     _CsmRegs

00000b00      2c (00000b00)     _AdcResult

00000c00      30 (00000c00)     _CpuTimer0Regs
00000c08      30 (00000c00)     _CpuTimer1Regs
00000c10      30 (00000c00)     _CpuTimer2Regs

00000ce0      33 (00000cc0)     _PieCtrlRegs

00000d00      34 (00000d00)     _EmuKey
00000d00      34 (00000d00)     _PieVectTable
00000d01      34 (00000d00)     _EmuBMode
00000d02      34 (00000d00)     _Flash_CallbackPtr
00000d04      34 (00000d00)     _Flash_CPUScaleFactor

00001000      40 (00001000)     _DmaRegs

00001400      50 (00001400)     _Cla1Regs

00004000     100 (00004000)     _Usb0Regs

00005000     140 (00005000)     _McbspaRegs

00006000     180 (00006000)     _ECanaRegs

00006040     181 (00006040)     _ECanaLAMRegs

00006080     182 (00006080)     _ECanaMOTSRegs

000060c0     183 (000060c0)     _ECanaMOTORegs

00006100     184 (00006100)     _ECanaMboxes

00006400     190 (00006400)     _Comp1Regs
00006420     190 (00006400)     _Comp2Regs

00006440     191 (00006440)     _Comp3Regs

00006800     1a0 (00006800)     _EPwm1Regs

00006840     1a1 (00006840)     _EPwm2Regs

00006880     1a2 (00006880)     _EPwm3Regs

000068c0     1a3 (000068c0)     _EPwm4Regs

00006900     1a4 (00006900)     _EPwm5Regs

00006940     1a5 (00006940)     _EPwm6Regs

00006980     1a6 (00006980)     _EPwm7Regs

000069c0     1a7 (000069c0)     _EPwm8Regs

00006a00     1a8 (00006a00)     _ECap1Regs
00006a20     1a8 (00006a00)     _ECap2Regs

00006a40     1a9 (00006a40)     _ECap3Regs

00006ac0     1ab (00006ac0)     _HRCap1Regs
00006ae0     1ab (00006ac0)     _HRCap2Regs

00006b00     1ac (00006b00)     _EQep1Regs

00006b40     1ad (00006b40)     _EQep2Regs

00006c80     1b2 (00006c80)     _HRCap3Regs
00006ca0     1b2 (00006c80)     _HRCap4Regs

00006f80     1be (00006f80)     _GpioCtrlRegs

00006fc0     1bf (00006fc0)     _GpioDataRegs
00006fe0     1bf (00006fc0)     _GpioIntRegs

00007010     1c0 (00007000)     _SysCtrlRegs

00007040     1c1 (00007040)     _SpiaRegs
00007050     1c1 (00007040)     _SciaRegs
00007060     1c1 (00007040)     _NmiIntruptRegs
00007070     1c1 (00007040)     _XIntruptRegs

00007100     1c4 (00007100)     _AdcRegs

00007740     1dd (00007740)     _SpibRegs
00007750     1dd (00007740)     _ScibRegs

00007900     1e4 (00007900)     _I2caRegs

0000e000     380 (0000e000)     _CpuTimer0
0000e008     380 (0000e000)     _CpuTimer1
0000e010     380 (0000e000)     _CpuTimer2
0000e018     380 (0000e000)     _controller_base_DW
0000e01c     380 (0000e000)     _controller_base_B
0000e028     380 (0000e000)     ___TI_enable_exit_profile_output
0000e02a     380 (0000e000)     ___TI_cleanup_ptr
0000e02c     380 (0000e000)     ___TI_dtors_ptr
0000e02e     380 (0000e000)     _IsrOverrun
0000e030     380 (0000e000)     _stopRequested
0000e031     380 (0000e000)     _runModel
0000e032     380 (0000e000)     __lock
0000e034     380 (0000e000)     __unlock
0000e036     380 (0000e000)     _GPIO_oneTimeInit
0000e037     380 (0000e000)     _MW_InterruptDisableLock

003d7e80    f5fa (003d7e80)     _PartIdRegs

003d8a12    f628 (003d8a00)     _PieVectTableInit

003d8b12    f62c (003d8b00)     _controller_base_M

003f7ff8    fdff (003f7fc0)     _CsmPwl

003fd590    ff56 (003fd580)     _FPUsinTable

003fd690    ff5a (003fd680)     _FPUcosTable

003fd990    ff66 (003fd980)     _FPUsinTableEnd

003fda92    ff6a (003fda80)     _FPUatan2HalfPITable
003fda92    ff6a (003fda80)     _FPUcosTableEnd
003fda96    ff6a (003fda80)     _FPUatan2Table

003fdc1c    ff70 (003fdc00)     _FPUatan2TableEnd


GLOBAL SYMBOLS: SORTED ALPHABETICALLY BY Name 

page  address   name                            
----  -------   ----                            
1     0000e000  .bss                            
1     0000e000  .data                           
0     003d801f  .text                           
0     003d88fd  C$$EXIT                         
0     003d80dd  _ADCINT1_ISR                    
0     003d80e7  _ADCINT2_ISR                    
0     003d82ef  _ADCINT3_ISR                    
0     003d82f9  _ADCINT4_ISR                    
0     003d8303  _ADCINT5_ISR                    
0     003d830d  _ADCINT6_ISR                    
0     003d8317  _ADCINT7_ISR                    
0     003d8321  _ADCINT8_ISR                    
0     003d8105  _ADCINT9_ISR                    
1     00007100  _AdcRegs                        
1     00000b00  _AdcResult                      
0     003d832b  _CLA1_INT1_ISR                  
0     003d8335  _CLA1_INT2_ISR                  
0     003d833f  _CLA1_INT3_ISR                  
0     003d8349  _CLA1_INT4_ISR                  
0     003d8353  _CLA1_INT5_ISR                  
0     003d835d  _CLA1_INT6_ISR                  
0     003d8367  _CLA1_INT7_ISR                  
0     003d8371  _CLA1_INT8_ISR                  
1     00001400  _Cla1Regs                       
1     00006400  _Comp1Regs                      
1     00006420  _Comp2Regs                      
1     00006440  _Comp3Regs                      
0     003d8611  _ConfigCpuTimer                 
1     0000e000  _CpuTimer0                      
1     00000c00  _CpuTimer0Regs                  
1     0000e008  _CpuTimer1                      
1     00000c08  _CpuTimer1Regs                  
1     0000e010  _CpuTimer2                      
1     00000c10  _CpuTimer2Regs                  
1     003f7ff8  _CsmPwl                         
1     00000ae0  _CsmRegs                        
0     003d84be  _CsmUnlock                      
0     003d8033  _DATALOG_ISR                    
0     003d8263  _DINTCH1_ISR                    
0     003d826d  _DINTCH2_ISR                    
0     003d8277  _DINTCH3_ISR                    
0     003d8281  _DINTCH4_ISR                    
0     003d828b  _DINTCH5_ISR                    
0     003d8295  _DINTCH6_ISR                    
0     0000801b  _DSP28x_usDelay                 
1     00000880  _DevEmuRegs                     
0     003d83de  _DisableDog                     
1     00001000  _DmaRegs                        
0     003d82db  _ECAN0INTA_ISR                  
0     003d82e5  _ECAN1INTA_ISR                  
0     003d81c3  _ECAP1_INT_ISR                  
0     003d81cd  _ECAP2_INT_ISR                  
0     003d81d7  _ECAP3_INT_ISR                  
1     00006040  _ECanaLAMRegs                   
1     000060c0  _ECanaMOTORegs                  
1     00006080  _ECanaMOTSRegs                  
1     00006100  _ECanaMboxes                    
1     00006000  _ECanaRegs                      
1     00006a00  _ECap1Regs                      
1     00006a20  _ECap2Regs                      
1     00006a40  _ECap3Regs                      
0     003d8399  _EMPTY_ISR                      
0     003d8047  _EMUINT_ISR                     
0     003d8173  _EPWM1_INT_ISR                  
0     003d8123  _EPWM1_TZINT_ISR                
0     003d817d  _EPWM2_INT_ISR                  
0     003d812d  _EPWM2_TZINT_ISR                
0     003d8187  _EPWM3_INT_ISR                  
0     003d8137  _EPWM3_TZINT_ISR                
0     003d8191  _EPWM4_INT_ISR                  
0     003d8141  _EPWM4_TZINT_ISR                
0     003d819b  _EPWM5_INT_ISR                  
0     003d814b  _EPWM5_TZINT_ISR                
0     003d81a5  _EPWM6_INT_ISR                  
0     003d8155  _EPWM6_TZINT_ISR                
0     003d81af  _EPWM7_INT_ISR                  
0     003d815f  _EPWM7_TZINT_ISR                
0     003d81b9  _EPWM8_INT_ISR                  
0     003d8169  _EPWM8_TZINT_ISR                
1     00006800  _EPwm1Regs                      
1     00006840  _EPwm2Regs                      
1     00006880  _EPwm3Regs                      
1     000068c0  _EPwm4Regs                      
1     00006900  _EPwm5Regs                      
1     00006940  _EPwm6Regs                      
1     00006980  _EPwm7Regs                      
1     000069c0  _EPwm8Regs                      
0     003d81f5  _EQEP1_INT_ISR                  
0     003d81ff  _EQEP2_INT_ISR                  
1     00006b00  _EQep1Regs                      
1     00006b40  _EQep2Regs                      
1     00000d01  _EmuBMode                       
1     00000d00  _EmuKey                         
0     003d8945  _EnableInterrupts               
0     003d852e  _ExtOscSel                      
0     003fda92  _FPUatan2HalfPITable            
0     003fda96  _FPUatan2Table                  
0     003fdc1c  _FPUatan2TableEnd               
0     003fd690  _FPUcosTable                    
0     003fda92  _FPUcosTableEnd                 
0     003fd590  _FPUsinTable                    
0     003fd990  _FPUsinTableEnd                 
1     00000a80  _FlashRegs                      
1     00000d04  _Flash_CPUScaleFactor           
1     00000d02  _Flash_CallbackPtr              
1     0000e036  _GPIO_oneTimeInit               
1     00006f80  _GpioCtrlRegs                   
1     00006fc0  _GpioDataRegs                   
1     00006fe0  _GpioIntRegs                    
0     003d81e1  _HRCAP1_INT_ISR                 
0     003d81eb  _HRCAP2_INT_ISR                 
0     003d8209  _HRCAP3_INT_ISR                 
0     003d8213  _HRCAP4_INT_ISR                 
1     00006ac0  _HRCap1Regs                     
1     00006ae0  _HRCap2Regs                     
1     00006c80  _HRCap3Regs                     
1     00006ca0  _HRCap4Regs                     
0     003d829f  _I2CINT1A_ISR                   
0     003d82a9  _I2CINT2A_ISR                   
1     00007900  _I2caRegs                       
0     003d805b  _ILLEGAL_ISR                    
0     003d801f  _INT13_ISR                      
0     003d8029  _INT14_ISR                      
0     003d85d6  _InitCpuTimers                  
0     00008000  _InitFlash                      
0     003d8468  _InitPeripheralClocks           
0     003d8926  _InitPieCtrl                    
0     003d894e  _InitPieVectTable               
0     003d83e6  _InitPll                        
0     003d843a  _InitPll2                       
0     003d83ba  _InitSysCtrl                    
0     003d84ef  _IntOsc1Sel                     
0     003d84ff  _IntOsc2Sel                     
1     0000e02e  _IsrOverrun                     
0     003d838f  _LUF_ISR                        
0     003d8385  _LVF_ISR                        
0     003d824f  _MRINTA_ISR                     
1     0000e037  _MW_InterruptDisableLock        
0     003d8259  _MXINTA_ISR                     
1     00005000  _McbspaRegs                     
0     003d8051  _NMI_ISR                        
1     00007060  _NmiIntruptRegs                 
0     003d83a6  _PIE_RESERVED                   
1     003d7e80  _PartIdRegs                     
1     00000ce0  _PieCtrlRegs                    
1     00000d00  _PieVectTable                   
0     003d8a12  _PieVectTableInit               
0     003d803d  _RTOSINT_ISR                    
0     003d801f  _RamfuncsLoadEnd                
0     003d8000  _RamfuncsLoadStart              
0     00008000  _RamfuncsRunStart               
0     003d82b3  _SCIRXINTA_ISR                  
0     003d82c7  _SCIRXINTB_ISR                  
0     003d82bd  _SCITXINTA_ISR                  
0     003d82d1  _SCITXINTB_ISR                  
0     003d8227  _SPIRXINTA_ISR                  
0     003d823b  _SPIRXINTB_ISR                  
0     003d8231  _SPITXINTA_ISR                  
0     003d8245  _SPITXINTB_ISR                  
1     00007050  _SciaRegs                       
1     00007750  _ScibRegs                       
0     003d83d4  _ServiceDog                     
1     00007040  _SpiaRegs                       
1     00007740  _SpibRegs                       
1     00007010  _SysCtrlRegs                    
1     00000985  _SysPwrCtrlRegs                 
0     003d810f  _TINT0_ISR                      
0     003d87e8  _TINT0_isr                      
0     003d821d  _USB0_INT_ISR                   
0     003d80bf  _USER10_ISR                     
0     003d80c9  _USER11_ISR                     
0     003d80d3  _USER12_ISR                     
0     003d8065  _USER1_ISR                      
0     003d806f  _USER2_ISR                      
0     003d8079  _USER3_ISR                      
0     003d8083  _USER4_ISR                      
0     003d808d  _USER5_ISR                      
0     003d8097  _USER6_ISR                      
0     003d80a1  _USER7_ISR                      
0     003d80ab  _USER8_ISR                      
0     003d80b5  _USER9_ISR                      
1     00004000  _Usb0Regs                       
0     003d8119  _WAKEINT_ISR                    
0     003d80f1  _XINT1_ISR                      
0     003d80fb  _XINT2_ISR                      
0     003d837b  _XINT3_ISR                      
1     00007070  _XIntruptRegs                   
0     003d8513  _XtalOscSel                     
1     00000402  __STACK_END                     
abs   00000400  __STACK_SIZE                    
1     0000e02a  ___TI_cleanup_ptr               
1     0000e02c  ___TI_dtors_ptr                 
1     0000e028  ___TI_enable_exit_profile_output
abs   ffffffff  ___TI_pprof_out_hndl            
abs   ffffffff  ___TI_prof_data_size            
abs   ffffffff  ___TI_prof_data_start           
abs   ffffffff  ___binit__                      
1     0000e000  ___bss__                        
abs   ffffffff  ___c_args__                     
0     003d8b14  ___cinit__                      
1     0000e000  ___data__                       
1     0000e000  ___edata__                      
1     0000e000  ___end__                        
0     003d8a12  ___etext__                      
abs   ffffffff  ___pinit__                      
0     003d801f  ___text__                       
0     003d89ea  __args_main                     
1     0000e032  __lock                          
0     003d8a04  __nop                           
0     003d8a00  __register_lock                 
0     003d89fc  __register_unlock               
1     00000002  __stack                         
0     003d8a11  __system_post_cinit             
0     003d8a0f  __system_pre_init               
1     0000e034  __unlock                        
0     003d88fd  _abort                          
0     003d879e  _atan                           
0     003d8701  _atan2                          
0     003d887d  _atan2f                         
0     003d8876  _atanf                          
0     003d8a0d  _bootloaderBackgroundTask       
0     003d8a0e  _bootloaderInit                 
0     003d8886  _c2000_flash_init               
0     003d86ab  _c_int00                        
0     003d8750  _configureTimer0                
1     0000e01c  _controller_base_B              
1     0000e018  _controller_base_DW             
0     003d8b12  _controller_base_M              
0     003d85b1  _controller_base_initialize     
0     003d8544  _controller_base_step           
0     003d85d5  _controller_base_terminate      
0     003d8974  _copy_in                        
0     003d8895  _cos                            
0     003d8861  _cosf                           
0     003d877d  _disableTimer0Interrupt         
0     003d8775  _enableTimer0Interrupt          
0     003d88ff  _exit                           
0     003d89e2  _globalInterruptDisable         
0     003d89d6  _globalInterruptEnable          
0     003d882c  _init_board                     
0     003d8660  _main                           
0     003d89b9  _memcpy                         
0     003d8793  _restoreTimer0Interrupt         
0     003d83b0  _rsvd_ISR                       
0     003d864c  _rt_OneStep                     
1     0000e031  _runModel                       
0     003d88c9  _sin                            
0     003d8868  _sinf                           
0     003d8998  _sqrt                           
0     003d886f  _sqrtf                          
1     0000e030  _stopRequested                  
abs   ffffffff  binit                           
0     003d8b14  cinit                           
0     003f7ff6  code_start                      
1     0000e000  edata                           
1     0000e000  end                             
0     003d8a12  etext                           
abs   ffffffff  pinit                           


GLOBAL SYMBOLS: SORTED BY Symbol Address 

page  address   name                            
----  -------   ----                            
0     00008000  _InitFlash                      
0     00008000  _RamfuncsRunStart               
0     0000801b  _DSP28x_usDelay                 
0     003d8000  _RamfuncsLoadStart              
0     003d801f  .text                           
0     003d801f  _INT13_ISR                      
0     003d801f  _RamfuncsLoadEnd                
0     003d801f  ___text__                       
0     003d8029  _INT14_ISR                      
0     003d8033  _DATALOG_ISR                    
0     003d803d  _RTOSINT_ISR                    
0     003d8047  _EMUINT_ISR                     
0     003d8051  _NMI_ISR                        
0     003d805b  _ILLEGAL_ISR                    
0     003d8065  _USER1_ISR                      
0     003d806f  _USER2_ISR                      
0     003d8079  _USER3_ISR                      
0     003d8083  _USER4_ISR                      
0     003d808d  _USER5_ISR                      
0     003d8097  _USER6_ISR                      
0     003d80a1  _USER7_ISR                      
0     003d80ab  _USER8_ISR                      
0     003d80b5  _USER9_ISR                      
0     003d80bf  _USER10_ISR                     
0     003d80c9  _USER11_ISR                     
0     003d80d3  _USER12_ISR                     
0     003d80dd  _ADCINT1_ISR                    
0     003d80e7  _ADCINT2_ISR                    
0     003d80f1  _XINT1_ISR                      
0     003d80fb  _XINT2_ISR                      
0     003d8105  _ADCINT9_ISR                    
0     003d810f  _TINT0_ISR                      
0     003d8119  _WAKEINT_ISR                    
0     003d8123  _EPWM1_TZINT_ISR                
0     003d812d  _EPWM2_TZINT_ISR                
0     003d8137  _EPWM3_TZINT_ISR                
0     003d8141  _EPWM4_TZINT_ISR                
0     003d814b  _EPWM5_TZINT_ISR                
0     003d8155  _EPWM6_TZINT_ISR                
0     003d815f  _EPWM7_TZINT_ISR                
0     003d8169  _EPWM8_TZINT_ISR                
0     003d8173  _EPWM1_INT_ISR                  
0     003d817d  _EPWM2_INT_ISR                  
0     003d8187  _EPWM3_INT_ISR                  
0     003d8191  _EPWM4_INT_ISR                  
0     003d819b  _EPWM5_INT_ISR                  
0     003d81a5  _EPWM6_INT_ISR                  
0     003d81af  _EPWM7_INT_ISR                  
0     003d81b9  _EPWM8_INT_ISR                  
0     003d81c3  _ECAP1_INT_ISR                  
0     003d81cd  _ECAP2_INT_ISR                  
0     003d81d7  _ECAP3_INT_ISR                  
0     003d81e1  _HRCAP1_INT_ISR                 
0     003d81eb  _HRCAP2_INT_ISR                 
0     003d81f5  _EQEP1_INT_ISR                  
0     003d81ff  _EQEP2_INT_ISR                  
0     003d8209  _HRCAP3_INT_ISR                 
0     003d8213  _HRCAP4_INT_ISR                 
0     003d821d  _USB0_INT_ISR                   
0     003d8227  _SPIRXINTA_ISR                  
0     003d8231  _SPITXINTA_ISR                  
0     003d823b  _SPIRXINTB_ISR                  
0     003d8245  _SPITXINTB_ISR                  
0     003d824f  _MRINTA_ISR                     
0     003d8259  _MXINTA_ISR                     
0     003d8263  _DINTCH1_ISR                    
0     003d826d  _DINTCH2_ISR                    
0     003d8277  _DINTCH3_ISR                    
0     003d8281  _DINTCH4_ISR                    
0     003d828b  _DINTCH5_ISR                    
0     003d8295  _DINTCH6_ISR                    
0     003d829f  _I2CINT1A_ISR                   
0     003d82a9  _I2CINT2A_ISR                   
0     003d82b3  _SCIRXINTA_ISR                  
0     003d82bd  _SCITXINTA_ISR                  
0     003d82c7  _SCIRXINTB_ISR                  
0     003d82d1  _SCITXINTB_ISR                  
0     003d82db  _ECAN0INTA_ISR                  
0     003d82e5  _ECAN1INTA_ISR                  
0     003d82ef  _ADCINT3_ISR                    
0     003d82f9  _ADCINT4_ISR                    
0     003d8303  _ADCINT5_ISR                    
0     003d830d  _ADCINT6_ISR                    
0     003d8317  _ADCINT7_ISR                    
0     003d8321  _ADCINT8_ISR                    
0     003d832b  _CLA1_INT1_ISR                  
0     003d8335  _CLA1_INT2_ISR                  
0     003d833f  _CLA1_INT3_ISR                  
0     003d8349  _CLA1_INT4_ISR                  
0     003d8353  _CLA1_INT5_ISR                  
0     003d835d  _CLA1_INT6_ISR                  
0     003d8367  _CLA1_INT7_ISR                  
0     003d8371  _CLA1_INT8_ISR                  
0     003d837b  _XINT3_ISR                      
0     003d8385  _LVF_ISR                        
0     003d838f  _LUF_ISR                        
0     003d8399  _EMPTY_ISR                      
0     003d83a6  _PIE_RESERVED                   
0     003d83b0  _rsvd_ISR                       
0     003d83ba  _InitSysCtrl                    
0     003d83d4  _ServiceDog                     
0     003d83de  _DisableDog                     
0     003d83e6  _InitPll                        
0     003d843a  _InitPll2                       
0     003d8468  _InitPeripheralClocks           
0     003d84be  _CsmUnlock                      
0     003d84ef  _IntOsc1Sel                     
0     003d84ff  _IntOsc2Sel                     
0     003d8513  _XtalOscSel                     
0     003d852e  _ExtOscSel                      
0     003d8544  _controller_base_step           
0     003d85b1  _controller_base_initialize     
0     003d85d5  _controller_base_terminate      
0     003d85d6  _InitCpuTimers                  
0     003d8611  _ConfigCpuTimer                 
0     003d864c  _rt_OneStep                     
0     003d8660  _main                           
0     003d86ab  _c_int00                        
0     003d8701  _atan2                          
0     003d8750  _configureTimer0                
0     003d8775  _enableTimer0Interrupt          
0     003d877d  _disableTimer0Interrupt         
0     003d8793  _restoreTimer0Interrupt         
0     003d879e  _atan                           
0     003d87e8  _TINT0_isr                      
0     003d882c  _init_board                     
0     003d8861  _cosf                           
0     003d8868  _sinf                           
0     003d886f  _sqrtf                          
0     003d8876  _atanf                          
0     003d887d  _atan2f                         
0     003d8886  _c2000_flash_init               
0     003d8895  _cos                            
0     003d88c9  _sin                            
0     003d88fd  C$$EXIT                         
0     003d88fd  _abort                          
0     003d88ff  _exit                           
0     003d8926  _InitPieCtrl                    
0     003d8945  _EnableInterrupts               
0     003d894e  _InitPieVectTable               
0     003d8974  _copy_in                        
0     003d8998  _sqrt                           
0     003d89b9  _memcpy                         
0     003d89d6  _globalInterruptEnable          
0     003d89e2  _globalInterruptDisable         
0     003d89ea  __args_main                     
0     003d89fc  __register_unlock               
0     003d8a00  __register_lock                 
0     003d8a04  __nop                           
0     003d8a0d  _bootloaderBackgroundTask       
0     003d8a0e  _bootloaderInit                 
0     003d8a0f  __system_pre_init               
0     003d8a11  __system_post_cinit             
0     003d8a12  _PieVectTableInit               
0     003d8a12  ___etext__                      
0     003d8a12  etext                           
0     003d8b12  _controller_base_M              
0     003d8b14  ___cinit__                      
0     003d8b14  cinit                           
0     003f7ff6  code_start                      
0     003fd590  _FPUsinTable                    
0     003fd690  _FPUcosTable                    
0     003fd990  _FPUsinTableEnd                 
0     003fda92  _FPUatan2HalfPITable            
0     003fda92  _FPUcosTableEnd                 
0     003fda96  _FPUatan2Table                  
0     003fdc1c  _FPUatan2TableEnd               
1     00000002  __stack                         
1     00000402  __STACK_END                     
1     00000880  _DevEmuRegs                     
1     00000985  _SysPwrCtrlRegs                 
1     00000a80  _FlashRegs                      
1     00000ae0  _CsmRegs                        
1     00000b00  _AdcResult                      
1     00000c00  _CpuTimer0Regs                  
1     00000c08  _CpuTimer1Regs                  
1     00000c10  _CpuTimer2Regs                  
1     00000ce0  _PieCtrlRegs                    
1     00000d00  _EmuKey                         
1     00000d00  _PieVectTable                   
1     00000d01  _EmuBMode                       
1     00000d02  _Flash_CallbackPtr              
1     00000d04  _Flash_CPUScaleFactor           
1     00001000  _DmaRegs                        
1     00001400  _Cla1Regs                       
1     00004000  _Usb0Regs                       
1     00005000  _McbspaRegs                     
1     00006000  _ECanaRegs                      
1     00006040  _ECanaLAMRegs                   
1     00006080  _ECanaMOTSRegs                  
1     000060c0  _ECanaMOTORegs                  
1     00006100  _ECanaMboxes                    
1     00006400  _Comp1Regs                      
1     00006420  _Comp2Regs                      
1     00006440  _Comp3Regs                      
1     00006800  _EPwm1Regs                      
1     00006840  _EPwm2Regs                      
1     00006880  _EPwm3Regs                      
1     000068c0  _EPwm4Regs                      
1     00006900  _EPwm5Regs                      
1     00006940  _EPwm6Regs                      
1     00006980  _EPwm7Regs                      
1     000069c0  _EPwm8Regs                      
1     00006a00  _ECap1Regs                      
1     00006a20  _ECap2Regs                      
1     00006a40  _ECap3Regs                      
1     00006ac0  _HRCap1Regs                     
1     00006ae0  _HRCap2Regs                     
1     00006b00  _EQep1Regs                      
1     00006b40  _EQep2Regs                      
1     00006c80  _HRCap3Regs                     
1     00006ca0  _HRCap4Regs                     
1     00006f80  _GpioCtrlRegs                   
1     00006fc0  _GpioDataRegs                   
1     00006fe0  _GpioIntRegs                    
1     00007010  _SysCtrlRegs                    
1     00007040  _SpiaRegs                       
1     00007050  _SciaRegs                       
1     00007060  _NmiIntruptRegs                 
1     00007070  _XIntruptRegs                   
1     00007100  _AdcRegs                        
1     00007740  _SpibRegs                       
1     00007750  _ScibRegs                       
1     00007900  _I2caRegs                       
1     0000e000  .bss                            
1     0000e000  .data                           
1     0000e000  _CpuTimer0                      
1     0000e000  ___bss__                        
1     0000e000  ___data__                       
1     0000e000  ___edata__                      
1     0000e000  ___end__                        
1     0000e000  edata                           
1     0000e000  end                             
1     0000e008  _CpuTimer1                      
1     0000e010  _CpuTimer2                      
1     0000e018  _controller_base_DW             
1     0000e01c  _controller_base_B              
1     0000e028  ___TI_enable_exit_profile_output
1     0000e02a  ___TI_cleanup_ptr               
1     0000e02c  ___TI_dtors_ptr                 
1     0000e02e  _IsrOverrun                     
1     0000e030  _stopRequested                  
1     0000e031  _runModel                       
1     0000e032  __lock                          
1     0000e034  __unlock                        
1     0000e036  _GPIO_oneTimeInit               
1     0000e037  _MW_InterruptDisableLock        
1     003d7e80  _PartIdRegs                     
1     003f7ff8  _CsmPwl                         
abs   00000400  __STACK_SIZE                    
abs   ffffffff  ___TI_pprof_out_hndl            
abs   ffffffff  ___TI_prof_data_size            
abs   ffffffff  ___TI_prof_data_start           
abs   ffffffff  ___binit__                      
abs   ffffffff  ___c_args__                     
abs   ffffffff  ___pinit__                      
abs   ffffffff  binit                           
abs   ffffffff  pinit                           

[258 symbols]
